Initializing Prisma...
node : D:\Agent antig
ravity\backend\node_m
odules\@prisma\client
\runtime\client.js:66
строка:1 знак:1
+ node test-prisma.js
 > test-output.txt 2>
&1
+ ~~~~~~~~~~~~~~~~~~~
~~~~~~~~~~~~~~~~~~~~~
~~
    + CategoryInfo   
           : NotSpe  
  cified: (D:\Agen   
 t antigr...me\cl    
ient.js:66:Strin    g
) [], RemoteExc    ep
tion
    + FullyQualified 
   ErrorId : Native  
  CommandError
 
Read more at https://
pris.ly/d/client-cons
tructor`),this.name="
PrismaClientConstruct
orValidationError"}ge
t[Symbol.toStringTag]
(){return"PrismaClien
tConstructorValidatio
nError"}};at(v,"Prism
aClientConstructorVal
idationError");var rl
=["errorFormat","adap
ter","accelerateUrl",
"log","transactionOpt
ions","omit","comment
s","__internal"],nl=[
"pretty","colorless",
"minimal"],il=["info"
,"query","warn","erro
r"],Rd={adapter:()=>{
},accelerateUrl:e=>{i
f(e!==void 0){if(type
of e!="string")throw 
new v(`Invalid value 
${JSON.stringify(e)} 
for "accelerateUrl" p
rovided to PrismaClie
nt constructor.`);if(
e.trim().length===0)t
hrow new v('"accelera
teUrl" provided to Pr
ismaClient constructo
r must be a non-empty
 string.')}},errorFor
mat:e=>{if(e){if(type
of e!="string")throw 
new v(`Invalid value 
${JSON.stringify(e)} 
for "errorFormat" pro
vided to PrismaClient
 constructor.`);if(!n
l.includes(e)){let t=
Nt(e,nl);throw new v(
`Invalid errorFormat 
${e} provided to Pris
maClient constructor.
${t}`)}}},log:e=>{if(
!e)return;if(!Array.i
sArray(e))throw new v
(`Invalid value ${JSO
N.stringify(e)} for "
log" provided to Pris
maClient constructor.
`);function t(r){if(t
ypeof r=="string"&&!i
l.includes(r)){let n=
Nt(r,il);throw new v(
`Invalid log level "$
{r}" provided to Pris
maClient constructor.
${n}`)}}for(let r of 
e){t(r);let n={level:
t,emit:i=>{let o=["st
dout","event"];if(!o.
includes(i)){let s=Nt
(i,o);throw new v(`In
valid value ${JSON.st
ringify(i)} for "emit
" in logLevel provide
d to PrismaClient con
structor.${s}`)}}};if
(r&&typeof r=="object
")for(let[i,o]of Obje
ct.entries(r))if(n[i]
)n[i](o);else throw n
ew v(`Invalid propert
y ${i} for "log" prov
ided to PrismaClient 
constructor`)}},trans
actionOptions:e=>{if(
!e)return;let t=e.max
Wait;if(t!=null&&t<=0
)throw new v(`Invalid
 value ${t} for maxWa
it in "transactionOpt
ions" provided to Pri
smaClient constructor
. maxWait needs to be
 greater than 0`);let
 r=e.timeout;if(r!=nu
ll&&r<=0)throw new v(
`Invalid value ${r} f
or timeout in "transa
ctionOptions" provide
d to PrismaClient con
structor. timeout nee
ds to be greater than
 0`)},omit:(e,t)=>{if
(typeof e!="object")t
hrow new v('"omit" op
tion is expected to b
e an object.');if(e==
=null)throw new v('"o
mit" option can not b
e `null`');let r=[];f
or(let[n,i]of Object.
entries(e)){let o=Id(
n,t.runtimeDataModel)
;if(!o){r.push({kind:
"UnknownModel",modelK
ey:n});continue}for(l
et[s,a]of Object.entr
ies(i)){let l=o.field
s.find(c=>c.name===s)
;if(!l){r.push({kind:
"UnknownField",modelK
ey:n,fieldName:s});co
ntinue}if(l.relationN
ame){r.push({kind:"Re
lationInOmit",modelKe
y:n,fieldName:s});con
tinue}typeof a!="bool
ean"&&r.push({kind:"I
nvalidFieldValue",mod
elKey:n,fieldName:s})
}}if(r.length>0)throw
 new v(Fd(e,r))},comm
ents:e=>{if(e!==void 
0){if(!Array.isArray(
e))throw new v(`Inval
id value ${JSON.strin
gify(e)} for "comment
s" provided to Prisma
Client constructor. E
xpected an array of S
QL commenter plugins.
`);for(let t=0;t<e.le
ngth;t++)if(typeof e[
t]!="function")throw 
new v(`Invalid value 
at index ${t} for "co
mments" provided to P
rismaClient construct
or. Each plugin must 
be a function.`)}},__
internal:e=>{if(!e)re
turn;let t=["debug","
engine","configOverri
de"];if(typeof e!="ob
ject")throw new v(`In
valid value ${JSON.st
ringify(e)} for "__in
ternal" to PrismaClie
nt constructor`);for(
let[r]of Object.entri
es(e))if(!t.includes(
r)){let n=Nt(r,t);thr
ow new v(`Invalid pro
perty ${JSON.stringif
y(r)} for "__internal
" provided to PrismaC
lient constructor.${n
}`)}}};function kd(e)
{let t=e.adapter!==vo
id 0,r=e.accelerateUr
l!==void 0;if(t&&r)th
row new v('The "adapt
er" and "accelerateUr
l" options are mutual
ly exclusive. Please 
provide only one of t
hem.');if(!t&&!r)thro
w new v('Using engine
 type "client" requir
es either "adapter" o
r "accelerateUrl" to 
be provided to Prisma
Client constructor.')
}function al(e,t){for
(let[r,n]of Object.en
tries(e)){if(!rl.incl
udes(r)){let i=Nt(r,r
l);throw new v(`Unkno
wn property ${r} prov
ided to PrismaClient 
constructor.${i}`)}Rd
[r](n,t)}kd(e)}functi
on Nt(e,t){if(t.lengt
h===0||typeof e!="str
ing")return"";let r=O
d(e,t);return r?` Did
 you mean "${r}"?`:""
}function Od(e,t){if(
t.length===0)return n
ull;let r=t.map(i=>({
value:i,distance:(0,s
l.default)(e,i)}));r.
sort((i,o)=>i.distanc
e<o.distance?-1:1);le
t n=r[0];return n.dis
tance<3?n.value:null}
function Id(e,t){retu
rn ol(t.models,e)??ol
(t.types,e)}function 
ol(e,t){let r=Object.
keys(e).find(n=>ie(n)
===t);if(r)return e[r
]}function Fd(e,t){le
t r=Ne(e);for(let o o
f t)switch(o.kind){ca
se"UnknownModel":r.ar
guments.getField(o.mo
delKey)?.markAsError(
),r.addErrorMessage((
)=>`Unknown model nam
e: ${o.modelKey}.`);b
reak;case"UnknownFiel
d":r.arguments.getDee
pField([o.modelKey,o.
fieldName])?.markAsEr
ror(),r.addErrorMessa
ge(()=>`Model "${o.mo
delKey}" does not hav
e a field named "${o.
fieldName}".`);break;
case"RelationInOmit":
r.arguments.getDeepFi
eld([o.modelKey,o.fie
ldName])?.markAsError
(),r.addErrorMessage(
()=>'Relations are al
ready excluded by def
ault and can not be s
pecified in "omit".')
;break;case"InvalidFi
eldValue":r.arguments
.getDeepFieldValue([o
.modelKey,o.fieldName
])?.markAsError(),r.a
ddErrorMessage(()=>"O
mit field option valu
e must be a boolean."
);break}let{message:n
,args:i}=er(r,"colorl
ess");return`Error va
lidating "omit" optio
n:
                     
                     
                     
                     
                     
                     
                     
                     
                     
                     
                     
                     
                     
                     
                     
                     
                     
                     
                     
                     
                     
                     
                     
                     
                     
                     
                     
                     
                     
                     
                     
                     
                     
                     
                     
                     
                     
                     
                     
                     
                     
                     
                     
                     
                     
                     
                     
                     
            

PrismaClientConstruct
orValidationError: Us
ing engine type "clie
nt" requires either "
adapter" or "accelera
teUrl" to be provided
 to PrismaClient cons
tructor.
Read more at https://
pris.ly/d/client-cons
tructor
    at kd (D:\Agent a
ntigravity\backend\no
de_modules\@prisma\cl
ient\runtime\client.j
s:66:3615)
    at al (D:\Agent a
ntigravity\backend\no
de_modules\@prisma\cl
ient\runtime\client.j
s:66:3916)
    at new t (D:\Agen
t antigravity\backend
\node_modules\@prisma
\client\runtime\clien
t.js:70:1241)
    at file:///D:/Age
nt%20antigravity/back
end/test-prisma.js:5:
16
    at ModuleJob.run 
(node:internal/module
s/esm/module_job:413:
25)
    at async onImport
.tracePromise.__proto
__ (node:internal/mod
ules/esm/loader:660:2
6)
    at async asyncRun
EntryPointWithESMLoad
er (node:internal/mod
ules/run_main:101:5)

Node.js v24.12.0
